n/AJ_Cook_0001.jpg
n/AJ_Lamas_0001.jpg
n/Aaron_Eckhart_0001.jpg
n/Aaron_Guiel_0001.jpg
n/Aaron_Patterson_0001.jpg
n/Aaron_Peirsol_0001.jpg
n/Aaron_Peirsol_0002.jpg
n/Aaron_Peirsol_0003.jpg
n/Aaron_Peirsol_0004.jpg
n/Aaron_Pena_0001.jpg
n/Aaron_Sorkin_0001.jpg
n/Aaron_Sorkin_0002.jpg
n/Aaron_Tippin_0001.jpg
n/Abba_Eban_0001.jpg
n/Abbas_Kiarostami_0001.jpg
n/Abdel_Aziz_Al-Hakim_0001.jpg
n/Abdel_Madi_Shabneh_0001.jpg
n/Abdel_Nasser_Assidi_0001.jpg
n/Abdel_Nasser_Assidi_0002.jpg
n/Abdoulaye_Wade_0001.jpg
n/Abdoulaye_Wade_0002.jpg
n/Abdoulaye_Wade_0003.jpg
n/Abdoulaye_Wade_0004.jpg
n/Abdul_Majeed_Shobokshi_0001.jpg
n/Abdul_Rahman_0001.jpg
n/Abdulaziz_Kamilov_0001.jpg
n/Abdullah_0001.jpg
n/Abdullah_0002.jpg
n/Abdullah_0003.jpg
n/Abdullah_0004.jpg
n/Abdullah_Ahmad_Badawi_0001.jpg
n/Abdullah_Gul_0001.jpg
n/Abdullah_Gul_0002.jpg
n/Abdullah_Gul_0003.jpg
n/Abdullah_Gul_0004.jpg
n/Abdullah_Gul_0005.jpg
n/Abdullah_Gul_0006.jpg
n/Abdullah_Gul_0007.jpg
n/Abdullah_Gul_0008.jpg
n/Abdullah_Gul_0009.jpg
n/Abdullah_Gul_0010.jpg
n/Abdullah_Gul_0011.jpg
n/Abdullah_Gul_0012.jpg
n/Abdullah_Gul_0013.jpg
n/Abdullah_Gul_0014.jpg
n/Abdullah_Gul_0015.jpg
n/Abdullah_Gul_0016.jpg
n/Abdullah_Gul_0017.jpg
n/Abdullah_Gul_0018.jpg
n/Abdullah_Gul_0019.jpg
n/Abdullah_Nasseef_0001.jpg
n/Abdullah_al-Attiyah_0001.jpg
n/Abdullah_al-Attiyah_0002.jpg
n/Abdullah_al-Attiyah_0003.jpg
n/Abdullatif_Sener_0001.jpg
n/Abdullatif_Sener_0002.jpg
n/Abel_Aguilar_0001.jpg
n/Abel_Pacheco_0001.jpg
n/Abel_Pacheco_0002.jpg
n/Abel_Pacheco_0003.jpg
n/Abel_Pacheco_0004.jpg
n/Abid_Hamid_Mahmud_Al-Tikriti_0001.jpg
n/Abid_Hamid_Mahmud_Al-Tikriti_0002.jpg
n/Abid_Hamid_Mahmud_Al-Tikriti_0003.jpg
n/Abner_Martinez_0001.jpg
n/Abraham_Foxman_0001.jpg
n/Aby_Har-Even_0001.jpg
n/Adam_Ant_0001.jpg
n/Adam_Freier_0001.jpg
n/Adam_Herbert_0001.jpg
n/Adam_Kennedy_0001.jpg
n/Adam_Mair_0001.jpg
n/Adam_Rich_0001.jpg
n/Adam_Sandler_0001.jpg
n/Adam_Sandler_0002.jpg
n/Adam_Sandler_0003.jpg
n/Adam_Sandler_0004.jpg
n/Adam_Scott_0001.jpg
n/Adam_Scott_0002.jpg
n/Adel_Al-Jubeir_0001.jpg
n/Adel_Al-Jubeir_0002.jpg
n/Adel_Al-Jubeir_0003.jpg
n/Adelina_Avila_0001.jpg
n/Adisai_Bodharamik_0001.jpg
n/Adolfo_Aguilar_Zinser_0001.jpg
n/Adolfo_Aguilar_Zinser_0002.jpg
n/Adolfo_Aguilar_Zinser_0003.jpg
n/Adolfo_Rodriguez_Saa_0001.jpg
n/Adolfo_Rodriguez_Saa_0002.jpg
n/Adoor_Gopalakarishnan_0001.jpg
n/Adrian_Annus_0001.jpg
n/Adrian_Fernandez_0001.jpg
n/Adrian_McPherson_0001.jpg
n/Adrian_McPherson_0002.jpg
n/Adrian_Murrell_0001.jpg
n/Adrian_Nastase_0001.jpg
n/Adrian_Nastase_0002.jpg
n/Adriana_Lima_0001.jpg
n/Adriana_Perez_Navarro_0001.jpg
n/Adrianna_Zuzic_0001.jpg
n/Adrien_Brody_0001.jpg
n/Adrien_Brody_0002.jpg
n/Adrien_Brody_0003.jpg
n/Adrien_Brody_0004.jpg
n/Adrien_Brody_0005.jpg
n/Adrien_Brody_0006.jpg
n/Adrien_Brody_0007.jpg
n/Adrien_Brody_0008.jpg
n/Adrien_Brody_0009.jpg
n/Adrien_Brody_0010.jpg
n/Adrien_Brody_0011.jpg
n/Adrien_Brody_0012.jpg
n/Afton_Smith_0001.jpg
n/Agbani_Darego_0001.jpg
n/Agnelo_Queiroz_0001.jpg
n/Agnes_Bruckner_0001.jpg
n/Ahmad_Jbarah_0001.jpg
n/Ahmad_Masood_0001.jpg
n/Ahmad_Masood_0002.jpg
n/Ahmed_Ahmed_0001.jpg
n/Ahmed_Chalabi_0001.jpg
n/Ahmed_Chalabi_0002.jpg
n/Ahmed_Chalabi_0003.jpg
n/Ahmed_Chalabi_0004.jpg
n/Ahmed_Chalabi_0005.jpg
n/Ahmed_Ghazi_0001.jpg
n/Ahmed_Ibrahim_Bilal_0001.jpg
n/Ahmed_Lopez_0001.jpg
n/Ahmed_Qureia_0001.jpg
n/Ahmet_Demir_0001.jpg
n/Ahmet_Necdet_Sezer_0001.jpg
n/Ahmet_Necdet_Sezer_0002.jpg
n/Ai_Sugiyama_0001.jpg
n/Ai_Sugiyama_0002.jpg
n/Ai_Sugiyama_0003.jpg
n/Ai_Sugiyama_0004.jpg
n/Ai_Sugiyama_0005.jpg
n/Aicha_El_Ouafi_0001.jpg
n/Aicha_El_Ouafi_0002.jpg
n/Aicha_El_Ouafi_0003.jpg
n/Aidan_Quinn_0001.jpg
n/Aileen_Riggin_Soule_0001.jpg
n/Ain_Seppik_0001.jpg
n/Ainsworth_Dyer_0001.jpg
n/Aishwarya_Rai_0001.jpg
n/Aitor_Gonzalez_0001.jpg
n/Aitor_Gonzalez_0002.jpg
n/Aiysha_Smith_0001.jpg
n/Ajit_Agarkar_0001.jpg
n/Akbar_Al_Baker_0001.jpg
n/Akbar_Hashemi_Rafsanjani_0001.jpg
n/Akbar_Hashemi_Rafsanjani_0002.jpg
n/Akbar_Hashemi_Rafsanjani_0003.jpg
n/Akhmed_Zakayev_0001.jpg
n/Akhmed_Zakayev_0002.jpg
n/Akhmed_Zakayev_0003.jpg
n/Akiko_Morigami_0001.jpg
n/Akmal_Taher_0001.jpg
n/Al_Cardenas_0001.jpg
n/Al_Davis_0001.jpg
n/Al_Davis_0002.jpg
n/Al_Gore_0001.jpg
n/Al_Gore_0002.jpg
n/Al_Gore_0003.jpg
n/Al_Gore_0004.jpg
n/Al_Gore_0005.jpg
n/Al_Gore_0006.jpg
n/Al_Gore_0007.jpg
n/Al_Gore_0008.jpg
n/Al_Leiter_0001.jpg
n/Al_Pacino_0001.jpg
n/Al_Pacino_0002.jpg
n/Al_Pacino_0003.jpg
n/Al_Sharpton_0001.jpg
n/Al_Sharpton_0002.jpg
n/Al_Sharpton_0003.jpg
n/Al_Sharpton_0004.jpg
n/Al_Sharpton_0005.jpg
n/Al_Sharpton_0006.jpg
n/Al_Sharpton_0007.jpg
n/Alain_Cervantes_0001.jpg
n/Alain_Ducasse_0001.jpg
n/Alan_Ball_0001.jpg
n/Alan_Ball_0002.jpg
n/Alan_Dershowitz_0001.jpg
n/Alan_Dreher_0001.jpg
n/Alan_Greenspan_0001.jpg
n/Alan_Greenspan_0002.jpg
n/Alan_Greenspan_0003.jpg
n/Alan_Greenspan_0004.jpg
n/Alan_Greenspan_0005.jpg
n/Alan_Greer_0001.jpg
n/Alan_Jackson_0001.jpg
n/Alan_Mulally_0001.jpg
n/Alan_Mulally_0002.jpg
n/Alan_Stonecipher_0001.jpg
n/Alan_Tang_Kwong-wing_0001.jpg
n/Alan_Trammell_0001.jpg
n/Alan_Zemaitis_0001.jpg
n/Alanis_Morissette_0001.jpg
n/Alanna_Ubach_0001.jpg
n/Alastair_Campbell_0001.jpg
n/Alastair_Campbell_0002.jpg
n/Alastair_Campbell_0003.jpg
n/Alastair_Campbell_0004.jpg
n/Alastair_Campbell_0005.jpg
n/Alastair_Johnston_0001.jpg
n/Albaro_Recoba_0001.jpg
n/Albert_Brooks_0001.jpg
n/Albert_Costa_0001.jpg
n/Albert_Costa_0002.jpg
n/Albert_Costa_0003.jpg
n/Albert_Costa_0004.jpg
n/Albert_Costa_0005.jpg
n/Albert_Costa_0006.jpg
n/Albert_Montanes_0001.jpg
n/Albert_Pujols_0001.jpg
n/Alberta_Lee_0001.jpg
n/Alberto_Acosta_0001.jpg
n/Alberto_Fujimori_0001.jpg
n/Alberto_Fujimori_0002.jpg
n/Alberto_Gonzales_0001.jpg
n/Alberto_Ruiz_Gallardon_0001.jpg
n/Alberto_Ruiz_Gallardon_0002.jpg
n/Alberto_Sordi_0001.jpg
n/Albrecht_Mentz_0001.jpg
n/Albrecht_Mentz_0002.jpg
n/Aldo_Paredes_0001.jpg
n/Aldo_Paredes_0002.jpg
n/Alec_Baldwin_0001.jpg
n/Alec_Baldwin_0002.jpg